# Identity-oracle baseline for scripts/promote_ng_oracle.sh, recorded 2026-09-15 with float::exp computed
# by table lookup (portable_float.md Milestone D), identical in the Linux container (arm64, glibc) and on macOS (arm64).
# Replace it only when the output is meant to change, and say in the commit which lines moved and why.
# Previous: fitted.parameters.toml 502c3d5e6c53acd7da2f66c29d430545, from_fit.comparable b7cbf43308722894dd47940e1611c0af (libm exp).
# Re-recorded 2026-10-03 (Linux container, arm64) with partial reads compared against the allele and the reference beyond it
# (read_likelihoods.md §5.3). That moved the two default-parameter VCFs (b74f3edf → 28a750c9) and from_fit.comparable; the
# window rows, histograms, fitted parameters and from_fit were already stale at 25bfe313 (bc6780ff, 6c5926ce, c590689d, 5cdeafd0).
# Re-recorded 2026-10-03 (Linux container, arm64) with one read cap at every position (locus_generation_pileup.md §4):
# read group 1's fitted base-quality multiplier moved 2.672221 → 2.672171, so fitted.parameters.toml (c590689d → 7ef6b6e4)
# and from_fit.comparable (c59cc176 → 5c1df9fb) moved: 233 of 6,695 records in printed decimals, no genotype or filter.
# promote-ng identity oracle
# reference: S_lycopersicum_chromosomes.4.00.fa
# catalog: S_lycopersicum_chromosomes.4.00.repeats.parquet
# regions kept: 20 (of 160 in benchmarks/tomato2/regions_n160_200kb.bed)
# alignments: 4
#   SRR5079906.p1.bench.cram
#   SRR5079864.p1.bench.cram
#   SRR5079878.p1.bench.cram
#   SRR5079876.p1.bench.cram
slice: 20 regions, 4 alignments
# records: 7787
28a750c986f50474fbb5e59c16517652  from_alignments.comparable
28a750c986f50474fbb5e59c16517652  from_psps.comparable
5e6d874da147f898eda134ce342424b8  from_alignments.parameters.toml
bc6780ff16430ca4f3e24e3fee052eec  from_alignments.windows.sorted
6c5926ce33429b3abc927b8a8faf4cbd  from_alignments.windows.histograms
7ef6b6e4b1698036bf1df1db41f0adf1  fitted.parameters.toml
5c1df9fba456a71e3df761e09d1628d5  from_fit.comparable
