# Identity-oracle baseline for scripts/promote_ng_oracle.sh, recorded 2026-09-15 with float::exp computed
# by table lookup (portable_float.md Milestone D), identical in the Linux container (arm64, glibc) and on macOS (arm64).
# Replace it only when the output is meant to change, and say in the commit which lines moved and why.
# Previous: fitted.parameters.toml 502c3d5e6c53acd7da2f66c29d430545, from_fit.comparable b7cbf43308722894dd47940e1611c0af (libm exp).
# Fit lines re-recorded 2026-09-29 (fit_precision.md, checkpoint A'): be31e78a… / 18f4fc11… were the fit before SQUAREM (2026-09-25),
# which moved them to c590689d… / 5cdeafd0… on main; plan step A7 (the allele-frequency shapes step along the likelihood's own
# slope) moved them to these. Steps A6, A8 and the two checkpoint A' changes moved neither. The other five lines are unchanged.
# Window lines re-recorded 2026-09-29 after merging main (c37e14e9): main's psp format 1.1 (59454108) counts the reads the depth
# cap discarded into window depth and did not re-record them; they were 25d388c8… / 259baf04…. Step B1 moved no line.
# Fit lines re-recorded 2026-10-02 (fit_precision.md, plan step C3): the repeat-tract climb stops on Newton distances in its
# numbers' errors, with up to 40 rounds where it had 5; 50 of the file's 574 lines moved, all repeat-tract rows (37 slippage rows
# and 13 of the 15 fitted strata's length spectra), and 352 of 6,706 calls changed printed numbers only (AF in 324 by at most
# 0.043, 326 sample GQs by at most 2, QUAL in 193 by at most 0.5), no genotype, and no record appeared, vanished or changed its
# alleles. They were 393e7cd3… / 1f16dec8….
# promote-ng identity oracle
# reference: S_lycopersicum_chromosomes.4.00.fa
# catalog: S_lycopersicum_chromosomes.4.00.repeats.parquet
# regions kept: 20 (of 160 in benchmarks/tomato2/regions_n160_200kb.bed)
# alignments: 4
#   SRR5079906.p1.bench.cram
#   SRR5079864.p1.bench.cram
#   SRR5079878.p1.bench.cram
#   SRR5079876.p1.bench.cram
slice: 20 regions, 4 alignments
# records: 7787
b74f3edf9026fa756621e2492baf019a  from_alignments.comparable
b74f3edf9026fa756621e2492baf019a  from_psps.comparable
5e6d874da147f898eda134ce342424b8  from_alignments.parameters.toml
bc6780ff16430ca4f3e24e3fee052eec  from_alignments.windows.sorted
6c5926ce33429b3abc927b8a8faf4cbd  from_alignments.windows.histograms
bf6b176ad252029989d46a7f23d2c1fb  fitted.parameters.toml
9f5edd0e624ac4d5f7c282859cee2acc  from_fit.comparable
