# Identity-oracle baseline for scripts/promote_ng_oracle.sh, recorded 2026-09-15 with float::exp computed
# by table lookup (portable_float.md Milestone D), identical in the Linux container (arm64, glibc) and on macOS (arm64).
# Replace it only when the output is meant to change, and say in the commit which lines moved and why.
# Previous: fitted.parameters.toml 502c3d5e6c53acd7da2f66c29d430545, from_fit.comparable b7cbf43308722894dd47940e1611c0af (libm exp).
# Fit lines re-recorded 2026-09-29 (fit_precision.md, checkpoint A'): be31e78a… / 18f4fc11… were the fit before SQUAREM (2026-09-25),
# which moved them to c590689d… / 5cdeafd0… on main; plan step A7 (the allele-frequency shapes step along the likelihood's own
# slope) moved them to these. Steps A6, A8 and the two checkpoint A' changes moved neither. The other five lines are unchanged.
# Window lines re-recorded 2026-09-29 after merging main (c37e14e9): main's psp format 1.1 (59454108) counts the reads the depth
# cap discarded into window depth and did not re-record them; they were 25d388c8… / 259baf04…. Step B1 moved no line.
# Fit lines re-recorded 2026-10-02 (fit_precision.md, plan step C3): the repeat-tract climb stops on Newton distances in its
# numbers' errors, with up to 40 rounds where it had 5; 50 of the file's 574 lines moved, all repeat-tract rows (37 slippage rows
# and 13 of the 15 fitted strata's length spectra), and 352 of 6,706 calls changed printed numbers only (AF in 324 by at most
# 0.043, 326 sample GQs by at most 2, QUAL in 193 by at most 0.5), no genotype, and no record appeared, vanished or changed its
# alleles. They were 393e7cd3… / 1f16dec8….
# Both parameters-file lines re-recorded 2026-10-06 (fit_precision.md, plan step E2): the file's format version 2 adds each
# number's standard error, the SNP/indel fit's starts and their notes. No number and no call moved: with every key and note
# version 2 added taken out, both files are the old ones line for line (each new key deleted from its row, each new note
# line dropped, the version put back, then compared). The fitted file gains
# 144 standard errors (4 multipliers, 4 inbreeding coefficients, 136 substitution rates; the other 52 rates are zero and carry
# none), one own-fit error (the one stratum of 37 whose level is its own fit) and three starts, all at the pass limit.
# They were 5e6d874d… / bf6b176a….
# Three lines re-recorded 2026-10-06 (fit_precision.md, checkpoint E): a repeat-tract substitution rate is never zero — a
# count with no mismatch takes half of one. 52 of the fitted file's 188 rates move (to 0.0010-0.014) and gain the
# standard error they lacked, so every rate now carries one; nothing else moves but notes; 4 of 6,706 calls with the fit move, all repeat tracts — QUAL by at most 0.4, AF by at most 0.00046
# — with no genotype changed and no record appearing or vanishing. The defaults run's file moves in 8 note lines.
# They were 70a98909… / 351f244e… / 9f5edd0e….
# Re-recorded 2026-10-03 (Linux container, arm64) with partial reads compared against the allele and the reference beyond it
# (read_likelihoods.md §5.3). That moved the two default-parameter VCFs (b74f3edf → 28a750c9) and from_fit.comparable; the
# window rows, histograms, fitted parameters and from_fit were already stale at 25bfe313 (bc6780ff, 6c5926ce, c590689d, 5cdeafd0).
# Re-recorded 2026-10-03 (Linux container, arm64) with one read cap at every position (locus_generation_pileup.md §4):
# read group 1's fitted base-quality multiplier moved 2.672221 → 2.672171, so fitted.parameters.toml (c590689d → 7ef6b6e4)
# and from_fit.comparable (c59cc176 → 5c1df9fb) moved: 233 of 6,695 records in printed decimals, no genotype or filter.
# Re-recorded 2026-10-06 (Linux container, arm64) with an indel's record reaching its right-most placement in a repeat
# (locus_generation_pileup.md §4). Default-parameter VCFs 28a750c9 → 7849294f (7,787 → 7,727 records); window rows follow the
# records (bc6780ff → dab62245); each sample's coverage histogram holds about 5,200 fewer of its 3.8 million windows
# (6c5926ce → 9d3fa077); fitted error multipliers move at most 0.3 in 100 and sample SRS1839219's F 0.962 → 0.969
# (7ef6b6e4 → 68f564c5); from_fit.comparable 5c1df9fb → 6b8ac929.
# Re-recorded 2026-10-06 (Linux container, arm64) with spellings cut short re-read as partial reads (read_likelihoods.md §5.3):
# with default parameters 62 of 7,727 records change, 4 genotypes and no filter, mostly homozygous insertions whose QUAL and
# GQ rise (7849294f → 574e1d1c); fitted parameters unchanged; called with them, 1,080 of 6,641 records change, 1 genotype
# (6b8ac929 → e00ec710).
# Re-recorded 2026-10-06 (Linux container, arm64) with spellings carrying a shorter insertion also re-read (read_likelihoods.md
# §5.3): 3 of 7,727 default-parameter records change, 1 genotype, no filter (574e1d1c → 4e2e2004); from_fit.comparable 3 of
# 6,641, 1 genotype (e00ec710 → 21734eb2).
# Re-recorded 2026-10-06 (Linux container, arm64) with --min-site-quality defaulting to 1 (site_quality_threshold.md):
# 288 of 7,727 default-parameter records have a site quality below 1 and are no longer written (4e2e2004 → 1e8c4570, 7,439
# records); window rows follow them (dab62245 → be16bc49); fitted parameters unchanged; from_fit.comparable 21734eb2 → 2210e52e.
# Re-recorded 2026-10-06 (Linux container, arm64) with a deletion reaching into a region from before it claimed by the region
# (locus_generation_pileup.md §2): the region's first base keeps a record. Default-parameter VCFs 1e8c4570 → ae07091c (7,439 →
# 7,451 records); window rows follow the records (be16bc49 → a07ec5c5, 30,296 → 30,348 rows) and so do the coverage histograms
# (9d3fa077 → ec08c16f); fitted error multipliers move at most 1 part in 3,000, each sample's F at most 0.0005, and the
# slippage table's per-tract values move with them (68f564c5 → 3f618451); from_fit.comparable 2210e52e → 65105ad0 (6,631 → 6,642).
# Merged 2026-10-06: branch fit-precision (the lines above under fit_precision.md) brought main in. Measured on the merged
# code (Linux container, arm64): the default-parameter VCFs, window rows and histograms are main's exactly; the defaults
# run's parameters file is fit-precision's (b7c0a262: main's numbers, in format version 2 with its notes); the fit and the
# calls made with it are neither parent's — fit-precision's fit over main's walk. Against fit-precision's last run, 65 of
# the fitted file's 344 non-note lines move (37 slippage rows, 15 length spectra, 4 multipliers, 4 inbreeding coefficients,
# 3 concentrations, 2 starts' pass counts); the fit's calls go from 6,706 to 6,645 records, 17 genotypes changing among
# those both hold. They were main's 5e6d874d… / 3f618451… / 65105ad0….
# Re-recorded 2026-10-07 (Linux container, arm64) with the strand and read-position penalty four times a beta-binomial
# tail (calling_quality.md §6.5): default-parameter VCFs ae07091c → 6b86f72c, still 7,451 records, one SNP dropped and one
# insertion added, QUAL moved at 4,492 of the 7,450 shared records (−72 to +554, the rises homozygous sites the old test
# overcharged), no genotype moved; window rows follow the records (a07ec5c5 → 470161a3); fitted parameters and coverage
# histograms unchanged; from_fit.comparable 07de643d → 42d02245.
# Both parameters-file lines re-recorded 2026-10-08 (fit_precision.md, plan step F1; spec §5.2 amended by the owner): a
# slippage number blended with its period's curve keeps its stratum's own-fit standard error, and the file's note on those
# errors says so. The fitted file gains 36 own-fit errors (14 levels, 12 shorter shares, 10 fall-offs, all beside blends whose
# curve weight runs 0.05 to 0.9999); 8 blended numbers whose own fit gave no error stay without one. No number and no call
# moved: with the old note put back and those 36 keys deleted, the fitted file is the old one byte for byte, and the defaults
# run's file needs only the note put back. They were 3338658c… / b7c0a262….
# promote-ng identity oracle
# reference: S_lycopersicum_chromosomes.4.00.fa
# catalog: S_lycopersicum_chromosomes.4.00.repeats.parquet
# regions kept: 20 (of 160 in benchmarks/tomato2/regions_n160_200kb.bed)
# alignments: 4
#   SRR5079906.p1.bench.cram
#   SRR5079864.p1.bench.cram
#   SRR5079878.p1.bench.cram
#   SRR5079876.p1.bench.cram
slice: 20 regions, 4 alignments
# records: 7451
6b86f72cfde268c8b673509c965f56e3  from_alignments.comparable
6b86f72cfde268c8b673509c965f56e3  from_psps.comparable
105f0150d39344e16a3333c44962e18a  from_alignments.parameters.toml
470161a35712f391682f2a27e5087308  from_alignments.windows.sorted
ec08c16f7e7e2956fdf8ab3a3e27da8d  from_alignments.windows.histograms
5a105ee1d99e9d4e6e667bde46d08bf8  fitted.parameters.toml
42d022451614ae26f70c3106b5bb4c69  from_fit.comparable
